// Vitest Snapshot v1, https://vitest.dev/guide/snapshot.html

exports[`[ components / ImageCard ] > when component is rendered > should render snapshoted ImageCard 1`] = `
<DocumentFragment>
  <div
    class="relative drop-shadow shadow-white basis-1/2 lg:basis-1/4 xl:basis-1/5 border border-gray-200 rounded-lg overflow-hidden flex flex-col items-center justify-between h-full opacity-90 hover:opacity-100 hover:scale-105 "
  >
    <div
      class="relative flex-grow-0"
    >
      <div
        class="object-cover object-center drop-shadow-2xl shadow-white"
      >
        <img
          alt="test"
          data-nimg="1"
          decoding="async"
          height="450"
          loading="lazy"
          src="/_next/image?url=https%3A%2F%2Fimage.tmdb.org%2Ft%2Fp%2Fw500test&w=640&q=75"
          srcset="/_next/image?url=https%3A%2F%2Fimage.tmdb.org%2Ft%2Fp%2Fw500test&w=384&q=75 1x, /_next/image?url=https%3A%2F%2Fimage.tmdb.org%2Ft%2Fp%2Fw500test&w=640&q=75 2x"
          style="color: transparent;"
          width="300"
        />
      </div>
      <div>
        <h3
          class="w-full text-m font-bold p-4"
        >
          test
        </h3>
      </div>
    </div>
    <div
      class="w-full p-4 flex flex-col justify-stretch"
    >
      <button
        class="w-full text-white font-bold py-2 px-4 rounded hover:scale-105 hover:cursor-pointer bg-blue-500 hover:bg-blue-700"
      >
        Add to List
      </button>
    </div>
  </div>
</DocumentFragment>
`;
