// Vitest Snapshot v1, https://vitest.dev/guide/snapshot.html

exports[`[ components / MainCard ] > when component is rendered > should render snapshoted MainCard 1`] = `
<DocumentFragment>
  <div
    class="lg:pl-72"
  >
    <div
      class=" space-y-8  pt-20 lg:py-8 lg:px-8"
    >
      <div>
        test
      </div>
    </div>
  </div>
</DocumentFragment>
`;
